---
source: crates/rattler_installs_packages/src/wheel.rs
assertion_line: 1228
expression: stdout
---
 _____
< moo >
 -----
     \   ^__^
      \  (oo)\_______
         (__)\       )\/\
           ||----w |
           ||     ||
